// Jest Snapshot v1, https://goo.gl/fbAQLP

exports[`<App /> Snaphot must match defaultRender 1`] = `null`;
