// Jest Snapshot v1, https://goo.gl/fbAQLP

exports[`<NotFoundPage /> Snaphot must match asyncRender 1`] = `null`;

exports[`<NotFoundPage /> Snaphot must match defaultRender 1`] = `
<div>
  <div
    className=""
  >
    Under construction
     
    <span
      aria-label="emoji"
      role="img"
    >
      ðŸ™‚
    </span>
  </div>
  <div>
    some-path-name
  </div>
</div>
`;
