// Jest Snapshot v1, https://goo.gl/fbAQLP

exports[`<FindCatBreed /> Snaphot must match defaultRender 1`] = `
<div
  className="breed"
>
  <h2>
    A random image of 
    beng
     breed
  </h2>
  <h4>
    Type in new breed then press enter or click search button
  </h4>
  <div
    className="breedSearch"
  >
    <input
      className="input"
      onKeyUp={[Function]}
      placeholder="beng"
    />
    <button
      className="button"
      onClick={[Function]}
      type="button"
    >
      Search Cat
    </button>
  </div>
  <div
    className="breedShow"
  >
    <div
      className="image"
    >
      <img
        alt="beng"
        src="https://66.media.tumblr.com/tumblr_m4iejdP8Hb1qd477zo1_250.jpg"
      />
    </div>
  </div>
</div>
`;
