// Jest Snapshot v1, https://goo.gl/fbAQLP

exports[`<Button /> Snaphot must match defaultRender 1`] = `
<button
  className="button"
  onClick={[Function]}
  type="button"
>
  Find
</button>
`;
