// Jest Snapshot v1, https://goo.gl/fbAQLP

exports[`<UnderConstruction /> Snaphot must match defaultRender 1`] = `
Array [
  "Under construction",
  " ",
  <span
    aria-label="emoji"
    role="img"
  >
    ðŸ™‚
  </span>,
]
`;
