// Jest Snapshot v1, https://goo.gl/fbAQLP

exports[`<Input /> Snaphot must match defaultRender 1`] = `
<input
  className="input"
  onKeyUp={[Function]}
  placeholder="some-breed"
/>
`;
