// Jest Snapshot v1, https://goo.gl/fbAQLP

exports[`<NotFoundTemplate /> Snaphot must match defaultRender 1`] = `
Array [
  <h2>
    Not Found
  </h2>,
  <h3>
    No match for 
    <code>
      some-path-name
    </code>
  </h3>,
  <div />,
]
`;
