// Jest Snapshot v1, https://goo.gl/fbAQLP

exports[`<FindDogBreed /> Snaphot must match defaultRender 1`] = `
<div
  className="breed"
>
  <h2>
    A random image of 
     breed
  </h2>
  <h4>
    Type in new breed, press enter or click search
  </h4>
  <div
    className="breedSearch"
  >
    <input
      className="input"
      onKeyUp={[Function]}
    />
    <button
      className="button"
      onClick={[Function]}
      type="button"
    >
      Search Dog
    </button>
  </div>
  <div
    className="breedShow"
  >
    <div
      className="image"
    >
      <img
        alt="random"
        src="https://via.placeholder.com/300"
      />
    </div>
  </div>
</div>
`;
